// Jest Snapshot v1, https://goo.gl/fbAQLP

exports[`Testing al cliente Es Ada 1`] = `
Object {
  "age": 26,
  "balance": 500,
  "name": "Ada",
  "type": "premium",
}
`;
